Removed Pin From Net: NetName=GND Pin=C7-1
Removed Pin From Net: NetName=NetC3_1 Pin=R2-2
Removed Pin From Net: NetName=NetC7_2 Pin=R8-1
Removed Pin From Net: NetName=NetC7_2 Pin=U1-3
Removed Pin From Net: NetName=NetC4_1 Pin=VR2-2
Change Component Footprint: Designator=C4 Old Footprint=MURATA 0805 CAPACITOR New Footprint=WURTH THT CAP D5H11 P2mm
Change Component Footprint: Designator=C7 Old Footprint=MURATA 0805 CAPACITOR New Footprint=WURTH THT CAP D5H11 P2mm
Change Component Comment : Designator=C4 Old Comment=GRM21BR61H106KE43L New Comment=AISHI CE-10/50PHT-Y
Change Component Comment : Designator=C7 Old Comment=GRM21BR61H106KE43L New Comment=AISHI CE-10/50PHT-Y
Change Component Comment : Designator=R8 Old Comment=Resistor 100k 0603 New Comment=Resistor 0R 0603
Change component parameters: Designator = "R8" ("R8"); Footprint = "Wurth 0603 Resistor"; UniqueID = "\KEEEYJXC" ("\KEEEYJXC")
Change component parameters (AddParameter): Name = "Value"; Value = "0R"; VariantName = "[No Variations]"
Change component parameters: Designator = "C4" ("C4"); Footprint = "MURATA 0805 CAPACITOR"; UniqueID = "\TQWTMCVW" ("\TQWTMCVW")
Change component parameters (AddParameter): Name = "Capacitance"; Value = "10uF 50V"; VariantName = "[No Variations]"
Change component parameters (AddParameter): Name = "Capacitance Tolerance"; Value = "+/-20%"; VariantName = "[No Variations]"
Change component parameters (AddParameter): Name = "Category"; Value = "Aluminum Electrolytic Capacitors"; VariantName = "[No Variations]"
Change component parameters (AddParameter): Name = "ComponentLink1Description"; Value = "Website Link"; VariantName = "[No Variations]"
Change component parameters (AddParameter): Name = "ComponentLink1URL"; Value = "https://www.we-online.com/redexpert/article/860010672009?ad"; VariantName = "[No Variations]"
Change component parameters (AddParameter): Name = "ComponentLink2Description"; Value = "Datasheet Link"; VariantName = "[No Variations]"
Change component parameters (AddParameter): Name = "ComponentLink2URL"; Value = "https://www.we-online.com/redexpert/spec/860010672009?ad"; VariantName = "[No Variations]"
Change component parameters (AddParameter): Name = "Diameter"; Value = "5mm"; VariantName = "[No Variations]"
Change component parameters (AddParameter): Name = "Dissipation Factor"; Value = "10%"; VariantName = "[No Variations]"
Change component parameters (AddParameter): Name = "Endurance"; Value = "2000h"; VariantName = "[No Variations]"
Change component parameters (AddParameter): Name = "Height"; Value = "11mm"; VariantName = "[No Variations]"
Change component parameters (AddParameter): Name = "Leakage Current"; Value = "5uA"; VariantName = "[No Variations]"
Change component parameters (AddParameter): Name = "Manufacturer"; Value = "Wurth Elektronik"; VariantName = "[No Variations]"
Change component parameters (AddParameter): Name = "Manufacturer Part Number"; Value = "860010672009"; VariantName = "[No Variations]"
Change component parameters (AddParameter): Name = "Match Code"; Value = "WCAP-ATG8"; VariantName = "[No Variations]"
Change component parameters (AddParameter): Name = "Mount"; Value = "Through Hole"; VariantName = "[No Variations]"
Change component parameters (AddParameter): Name = "Operating Temperature Max"; Value = "85°C"; VariantName = "[No Variations]"
Change component parameters (AddParameter): Name = "Operating Temperature Min"; Value = "-40°C"; VariantName = "[No Variations]"
Change component parameters (AddParameter): Name = "Packaging"; Value = "Ammo Pack"; VariantName = "[No Variations]"
Change component parameters (AddParameter): Name = "Rated Voltage (DC)"; Value = "50V"; VariantName = "[No Variations]"
Change component parameters (AddParameter): Name = "Ripple Current"; Value = "72mA"; VariantName = "[No Variations]"
Change component parameters (AddParameter): Name = "Technical Reference"; Value = "ATBC110100M050DSPA3B000"; VariantName = "[No Variations]"
Change component parameters: Designator = "C7" ("C7"); Footprint = "MURATA 0805 CAPACITOR"; UniqueID = "\HKZCUQMF" ("\HKZCUQMF")
Change component parameters (AddParameter): Name = "Capacitance"; Value = "10uF 50V"; VariantName = "[No Variations]"
Change component parameters (AddParameter): Name = "Capacitance Tolerance"; Value = "+/-20%"; VariantName = "[No Variations]"
Change component parameters (AddParameter): Name = "Category"; Value = "Aluminum Electrolytic Capacitors"; VariantName = "[No Variations]"
Change component parameters (AddParameter): Name = "ComponentLink1Description"; Value = "Website Link"; VariantName = "[No Variations]"
Change component parameters (AddParameter): Name = "ComponentLink1URL"; Value = "https://www.we-online.com/redexpert/article/860010672009?ad"; VariantName = "[No Variations]"
Change component parameters (AddParameter): Name = "ComponentLink2Description"; Value = "Datasheet Link"; VariantName = "[No Variations]"
Change component parameters (AddParameter): Name = "ComponentLink2URL"; Value = "https://www.we-online.com/redexpert/spec/860010672009?ad"; VariantName = "[No Variations]"
Change component parameters (AddParameter): Name = "Diameter"; Value = "5mm"; VariantName = "[No Variations]"
Change component parameters (AddParameter): Name = "Dissipation Factor"; Value = "10%"; VariantName = "[No Variations]"
Change component parameters (AddParameter): Name = "Endurance"; Value = "2000h"; VariantName = "[No Variations]"
Change component parameters (AddParameter): Name = "Height"; Value = "11mm"; VariantName = "[No Variations]"
Change component parameters (AddParameter): Name = "Leakage Current"; Value = "5uA"; VariantName = "[No Variations]"
Change component parameters (AddParameter): Name = "Manufacturer"; Value = "Wurth Elektronik"; VariantName = "[No Variations]"
Change component parameters (AddParameter): Name = "Manufacturer Part Number"; Value = "860010672009"; VariantName = "[No Variations]"
Change component parameters (AddParameter): Name = "Match Code"; Value = "WCAP-ATG8"; VariantName = "[No Variations]"
Change component parameters (AddParameter): Name = "Mount"; Value = "Through Hole"; VariantName = "[No Variations]"
Change component parameters (AddParameter): Name = "Operating Temperature Max"; Value = "85°C"; VariantName = "[No Variations]"
Change component parameters (AddParameter): Name = "Operating Temperature Min"; Value = "-40°C"; VariantName = "[No Variations]"
Change component parameters (AddParameter): Name = "Packaging"; Value = "Ammo Pack"; VariantName = "[No Variations]"
Change component parameters (AddParameter): Name = "Rated Voltage (DC)"; Value = "50V"; VariantName = "[No Variations]"
Change component parameters (AddParameter): Name = "Ripple Current"; Value = "72mA"; VariantName = "[No Variations]"
Change component parameters (AddParameter): Name = "Technical Reference"; Value = "ATBC110100M050DSPA3B000"; VariantName = "[No Variations]"
Added Component: Designator=C9(WURTH THT CAP D5H11 P2mm)
Add component (AddParameter): Name = "Capacitance"; Value = "10uF 50V"; VariantName = "[No Variations]"
Add component (AddParameter): Name = "Capacitance Tolerance"; Value = "+/-20%"; VariantName = "[No Variations]"
Add component (AddParameter): Name = "Category"; Value = "Aluminum Electrolytic Capacitors"; VariantName = "[No Variations]"
Add component (AddParameter): Name = "ComponentLink1Description"; Value = "Website Link"; VariantName = "[No Variations]"
Add component (AddParameter): Name = "ComponentLink1URL"; Value = "https://www.we-online.com/redexpert/article/860010672009?ad"; VariantName = "[No Variations]"
Add component (AddParameter): Name = "ComponentLink2Description"; Value = "Datasheet Link"; VariantName = "[No Variations]"
Add component (AddParameter): Name = "ComponentLink2URL"; Value = "https://www.we-online.com/redexpert/spec/860010672009?ad"; VariantName = "[No Variations]"
Add component (AddParameter): Name = "Diameter"; Value = "5mm"; VariantName = "[No Variations]"
Add component (AddParameter): Name = "Dissipation Factor"; Value = "10%"; VariantName = "[No Variations]"
Add component (AddParameter): Name = "Endurance"; Value = "2000h"; VariantName = "[No Variations]"
Add component (AddParameter): Name = "Height"; Value = "11mm"; VariantName = "[No Variations]"
Add component (AddParameter): Name = "Leakage Current"; Value = "5uA"; VariantName = "[No Variations]"
Add component (AddParameter): Name = "Manufacturer"; Value = "Wurth Elektronik"; VariantName = "[No Variations]"
Add component (AddParameter): Name = "Manufacturer Part Number"; Value = "860010672009"; VariantName = "[No Variations]"
Add component (AddParameter): Name = "Match Code"; Value = "WCAP-ATG8"; VariantName = "[No Variations]"
Add component (AddParameter): Name = "Mount"; Value = "Through Hole"; VariantName = "[No Variations]"
Add component (AddParameter): Name = "Operating Temperature Max"; Value = "85°C"; VariantName = "[No Variations]"
Add component (AddParameter): Name = "Operating Temperature Min"; Value = "-40°C"; VariantName = "[No Variations]"
Add component (AddParameter): Name = "Packaging"; Value = "Ammo Pack"; VariantName = "[No Variations]"
Add component (AddParameter): Name = "Rated Voltage (DC)"; Value = "50V"; VariantName = "[No Variations]"
Add component (AddParameter): Name = "Ripple Current"; Value = "72mA"; VariantName = "[No Variations]"
Add component (AddParameter): Name = "Technical Reference"; Value = "ATBC110100M050DSPA3B000"; VariantName = "[No Variations]"
Added Component: Designator=R10(Wurth 0603 Resistor)
Add component (AddParameter): Name = "Value"; Value = "100k"; VariantName = "[No Variations]"
Added Component: Designator=R11(Wurth 0603 Resistor)
Add component (AddParameter): Name = "Value"; Value = "0R"; VariantName = "[No Variations]"
Add component (AddParameter): Name = "Value"; Value = "0R"; VariantName = "Original"
Added Pin To Net: NetName=GND Pin=C4-2
Added Pin To Net: NetName=GND Pin=C9-2
Added Pin To Net: NetName=NetC4_1 Pin=R7-1
Added Pin To Net: NetName=NetC5_1 Pin=R8-2
Added Pin To Net: NetName=NetC4_1 Pin=R10-2
Added Pin To Net: NetName=NetC3_1 Pin=R11-1
Added Pin To Net: NetName=NetC7_2 Pin=VR2-2
Added Pin To Net: NetName=NetC4_1 Pin=Z1-1
Added Pin To Net: NetName=+VBIAS Pin=C7-1
Added Pin To Net: NetName=+VBIAS Pin=R10-1
Added Pin To Net: NetName=+VBIAS Pin=U1-3
Added Net: Name=+VBIAS
Added Pin To Net: NetName=NetC9_1 Pin=C9-1
Added Pin To Net: NetName=NetC9_1 Pin=R5-1
Added Net: Name=NetC9_1
Added Pin To Net: NetName=NetR2_2 Pin=R2-2
Added Pin To Net: NetName=NetR2_2 Pin=R8-1
Added Pin To Net: NetName=NetR2_2 Pin=R11-2
Added Net: Name=NetR2_2
Added Member To Class: ClassName=AudioMonitor_Schem Member=Component C9 AISHI CE-10/50PHT-Y
Added Member To Class: ClassName=AudioMonitor_Schem Member=Component R10 Resistor 100k 0603
Added Member To Class: ClassName=AudioMonitor_Schem Member=Component R11 Resistor 0R 0603
Added Rule: Name=Schematic Supply Nets_1
